5c5
< DENIED
---
> OK
9c9
< DENIED
---
> OK
13c13
< DENIED
---
> OK
28c28
< DENIED
---
> ERROR (No room)
32c32
< DENIED
---
> ERROR (Wrong password)
36c36
< DENIED
---
> OK
40c40
< DENIED
---
> ERROR (Wrong password)
44c44
< DENIED
---
> OK
49c49
< WHY DENY?
---
> ERROR (Wrong password)
53c53
< WHY DENY?
---
> 
58c58
< DENIED
---
> OK
63c63
< WHY DENY?
---
> ERROR (Wrong password)
68c68
< DENIED
---
> ERROR (user not in room)
72c72
< DENIED
---
> ERROR (Wrong password)
77c77
< DENIED
---
> ERROR (user not in room)
81c81
< DENIED
---
> ERROR (Wrong password)
86c86
< DENIED
---
> ERROR (User not in room)
91c91
< DENIED
---
> ERROR (User not in room)
96c96
< DENIED
---
> NO-NEW-MESSAGES
100c100
< DENIED
---
> OK
105c105
< DENIED
---
> ERROR (User not in room)
