32c32
< DENIED
---
> ERROR (Wrong password)
40c40
< DENIED
---
> ERROR (Wrong password)
68,69c68
< c-programmingTHAT^
< OK
---
> ERROR (user not in room)
73c72
< DENIED
---
> ERROR (Wrong password)
78,79c77
< java-programmingTHAT^
< OK
---
> ERROR (user not in room)
83c81
< DENIED
---
> ERROR (Wrong password)
88c86
< 
---
> ERROR (User not in room)
93c91
< 
---
> ERROR (User not in room)
98c96
< 
---
> NO-NEW-MESSAGES
107c105
< 
---
> ERROR (User not in room)
